<html>
<body>
<pre>
<h1>µVision Build Log</h1>
<h2>Tool Versions:</h2>
IDE-Version: µVision V5.33.0.0
Copyright (C) 2020 ARM Ltd and ARM Germany GmbH. All rights reserved.
License Information: Q QS, QQS, LIC=X96CK-ZB0XA-NNAAF-6Q06E-N80HB-V1FE2
 
Tool Versions:
Toolchain:       MDK-ARM Plus  Version: 5.33.0.0
Toolchain Path:  D:\Program Files (x86)\Keil_v5\ARM\ARMCC\Bin
C Compiler:      Armcc.exe V5.06 update 7 (build 960)
Assembler:       Armasm.exe V5.06 update 7 (build 960)
Linker/Locator:  ArmLink.exe V5.06 update 7 (build 960)
Library Manager: ArmAr.exe V5.06 update 7 (build 960)
Hex Converter:   FromElf.exe V5.06 update 7 (build 960)
CPU DLL:         SARMCM3.DLL V5.33.0.0
Dialog DLL:      DCM.DLL V1.17.3.0
Target DLL:      CMSIS_AGDI.dll V1.32.12.0
Dialog DLL:      TCM.DLL V1.48.0.0
 
<h2>Project:</h2>
D:\DoingProject\F429Touchgfx\MDK-ARM\F429Touchgfx.uvprojx
Project File Date:  01/26/2022

<h2>Output:</h2>
*** Using Compiler 'V5.06 update 7 (build 960)', folder: 'D:\Program Files (x86)\Keil_v5\ARM\ARMCC\Bin'
Build target 'F429Touchgfx'
compiling main.c...
..\BSP\Inc\gt1151q_iic_driver.h(47): warning:  #1-D: last line of file ends without a newline
  #endif
..\Middlewares\Third_Party\ATFram\log.h(51): warning:  #1-D: last line of file ends without a newline
  #endif
..\BSP\Inc\system.h(14): warning:  #1-D: last line of file ends without a newline
  #endif
..\BSP\Inc\bh1750.h(28): warning:  #1-D: last line of file ends without a newline
  #endif
../Core/Src/main.c: 4 warnings, 0 errors
linking...
F429Touchgfx\F429Touchgfx.sct(21): warning: L6329W: Pattern *.o(ExtFlashSection) only matches removed unused sections.
Program Size: Code=54288 RO-data=18312 RW-data=296 ZI-data=23488  
Finished: 0 information, 1 warning and 0 error messages.
FromELF: creating hex file...
"F429Touchgfx\F429Touchgfx.axf" - 0 Error(s), 5 Warning(s).

<h2>Software Packages used:</h2>

Package Vendor: ARM
                http://www.keil.com/pack/ARM.CMSIS.5.7.0.pack
                ARM.CMSIS.5.7.0
                CMSIS (Cortex Microcontroller Software Interface Standard)
   * Component: CORE Version: 5.4.0

Package Vendor: Keil
                http://www.keil.com/pack/Keil.STM32F4xx_DFP.2.14.0.pack
                Keil.STM32F4xx_DFP.2.14.0
                STMicroelectronics STM32F4 Series Device Support, Drivers and Examples

<h2>Collection of Component include folders:</h2>
  .\RTE\_F429Touchgfx
  D:\Program Files (x86)\Keil_v5\Arm\Packs\ARM\CMSIS\5.7.0\CMSIS\Core\Include
  D:\Program Files (x86)\Keil_v5\Arm\Packs\Keil\STM32F4xx_DFP\2.14.0\Drivers\CMSIS\Device\ST\STM32F4xx\Include

<h2>Collection of Component Files used:</h2>

   * Component: ARM::CMSIS:CORE:5.4.0
      Include file:  CMSIS\Core\Include\tz_context.h
Build Time Elapsed:  00:00:04
</pre>
</body>
</html>
